2026-01-17 16:44:02 [ERROR] OFF PRICE №8 @ 2026-01-15 failed: Expecting value: line 1 column 1 (char 0)
2026-01-17 16:44:02 [ERROR] Балапан Узген №6 @ 2026-01-15 failed: Expecting value: line 1 column 1 (char 0)
2026-01-17 16:44:02 [ERROR] Балапан Фрунзенский №7 @ 2026-01-15 failed: Expecting value: line 1 column 1 (char 0)
2026-01-17 16:44:03 [ERROR] Балапан ЖА №3 @ 2026-01-15 failed: Expecting value: line 1 column 1 (char 0)
2026-01-17 16:44:03 [ERROR] Балапан Масалиева №5 @ 2026-01-15 failed: Expecting value: line 1 column 1 (char 0)
2026-01-17 16:44:03 [ERROR] Балапан Ош №1 @ 2026-01-15 failed: Expecting value: line 1 column 1 (char 0)
2026-01-17 16:44:04 [ERROR] Балапан Анар №4 @ 2026-01-15 failed: Expecting value: line 1 column 1 (char 0)
2026-01-17 16:44:04 [ERROR] №-01 Osnovnoy sklad @ 2026-01-15 failed: Expecting value: line 1 column 1 (char 0)
2026-01-17 16:44:05 [ERROR] Балапашка №2 @ 2026-01-15 failed: Expecting value: line 1 column 1 (char 0)
2026-01-17 16:44:06 [ERROR] OFF PRICE №8 @ 2026-01-16 failed: Expecting value: line 1 column 1 (char 0)
2026-01-17 16:44:08 [ERROR] Балапан ЖА №3 @ 2026-01-16 failed: Expecting value: line 1 column 1 (char 0)
2026-01-17 16:44:08 [ERROR] №-01 Osnovnoy sklad @ 2026-01-16 failed: Expecting value: line 1 column 1 (char 0)
2026-01-17 16:44:09 [ERROR] Балапан Анар №4 @ 2026-01-16 failed: Expecting value: line 1 column 1 (char 0)
2026-01-17 16:44:10 [ERROR] Балапан Фрунзенский №7 @ 2026-01-16 failed: Expecting value: line 1 column 1 (char 0)
2026-01-17 16:44:10 [ERROR] Балапан Ош №1 @ 2026-01-16 failed: Expecting value: line 1 column 1 (char 0)
2026-01-17 16:44:10 [ERROR] Балапан Масалиева №5 @ 2026-01-16 failed: Expecting value: line 1 column 1 (char 0)
2026-01-17 16:44:11 [ERROR] Балапан Узген №6 @ 2026-01-16 failed: Expecting value: line 1 column 1 (char 0)
2026-01-17 16:44:12 [ERROR] Балапашка №2 @ 2026-01-16 failed: Expecting value: line 1 column 1 (char 0)
2026-01-17 17:28:16 [ERROR] Балапан Фрунзенский №7 @ 2026-01-16 failed: Expecting value: line 1 column 1 (char 0)
2026-01-17 17:28:17 [ERROR] Балапан Анар №4 @ 2026-01-16 failed: Expecting value: line 1 column 1 (char 0)
2026-01-17 17:28:17 [ERROR] №-01 Osnovnoy sklad @ 2026-01-16 failed: Expecting value: line 1 column 1 (char 0)
2026-01-17 17:28:17 [ERROR] Балапан Масалиева №5 @ 2026-01-16 failed: Expecting value: line 1 column 1 (char 0)
2026-01-17 17:28:18 [ERROR] Балапан ЖА №3 @ 2026-01-16 failed: Expecting value: line 1 column 1 (char 0)
2026-01-17 17:28:18 [ERROR] OFF PRICE №8 @ 2026-01-16 failed: Expecting value: line 1 column 1 (char 0)
2026-01-17 17:28:18 [ERROR] Балапан Ош №1 @ 2026-01-16 failed: Expecting value: line 1 column 1 (char 0)
2026-01-17 17:28:20 [ERROR] Балапашка №2 @ 2026-01-16 failed: Expecting value: line 1 column 1 (char 0)
2026-01-17 17:28:20 [ERROR] Балапан Узген №6 @ 2026-01-16 failed: Expecting value: line 1 column 1 (char 0)
2026-01-17 17:29:52 [ERROR] №-01 Osnovnoy sklad @ 2026-01-15 failed: Expecting value: line 1 column 1 (char 0)
2026-01-17 17:29:54 [ERROR] OFF PRICE №8 @ 2026-01-15 failed: Expecting value: line 1 column 1 (char 0)
2026-01-17 17:29:54 [ERROR] Балапан Анар №4 @ 2026-01-15 failed: Expecting value: line 1 column 1 (char 0)
2026-01-17 17:29:54 [ERROR] Балапан Фрунзенский №7 @ 2026-01-15 failed: Expecting value: line 1 column 1 (char 0)
2026-01-17 17:29:55 [ERROR] Балапан ЖА №3 @ 2026-01-15 failed: Expecting value: line 1 column 1 (char 0)
2026-01-17 17:29:55 [ERROR] Балапан Масалиева №5 @ 2026-01-15 failed: Expecting value: line 1 column 1 (char 0)
2026-01-17 17:29:56 [ERROR] Балапан Узген №6 @ 2026-01-15 failed: Expecting value: line 1 column 1 (char 0)
2026-01-17 17:29:56 [ERROR] Балапан Ош №1 @ 2026-01-15 failed: Expecting value: line 1 column 1 (char 0)
2026-01-17 17:29:58 [ERROR] Балапашка №2 @ 2026-01-15 failed: Expecting value: line 1 column 1 (char 0)
2026-01-17 17:29:59 [ERROR] OFF PRICE №8 @ 2026-01-16 failed: Expecting value: line 1 column 1 (char 0)
2026-01-17 17:29:59 [ERROR] Балапан ЖА №3 @ 2026-01-16 failed: Expecting value: line 1 column 1 (char 0)
2026-01-17 17:30:01 [ERROR] №-01 Osnovnoy sklad @ 2026-01-16 failed: Expecting value: line 1 column 1 (char 0)
2026-01-17 17:30:07 [ERROR] Балапан Масалиева №5 @ 2026-01-16 failed: Expecting value: line 1 column 1 (char 0)
2026-01-17 17:30:09 [ERROR] Балапан Фрунзенский №7 @ 2026-01-16 failed: Expecting value: line 1 column 1 (char 0)
2026-01-17 17:30:09 [ERROR] Балапан Ош №1 @ 2026-01-16 failed: Expecting value: line 1 column 1 (char 0)
2026-01-17 17:30:09 [ERROR] Балапашка №2 @ 2026-01-16 failed: Expecting value: line 1 column 1 (char 0)
2026-01-17 17:30:10 [ERROR] Балапан Анар №4 @ 2026-01-16 failed: Expecting value: line 1 column 1 (char 0)
2026-01-17 17:30:13 [ERROR] Балапан Узген №6 @ 2026-01-16 failed: Expecting value: line 1 column 1 (char 0)
2026-01-18 08:26:12 [ERROR] №-01 Osnovnoy sklad @ 2026-01-15 failed: Expecting value: line 1 column 1 (char 0)
2026-01-18 08:26:12 [ERROR] OFF PRICE №8 @ 2026-01-15 failed: Expecting value: line 1 column 1 (char 0)
2026-01-18 08:26:12 [ERROR] Балапан Анар №4 @ 2026-01-15 failed: Expecting value: line 1 column 1 (char 0)
2026-01-18 08:26:13 [ERROR] Балапан ЖА №3 @ 2026-01-15 failed: Expecting value: line 1 column 1 (char 0)
2026-01-18 08:26:13 [ERROR] Балапан Узген №6 @ 2026-01-15 failed: Expecting value: line 1 column 1 (char 0)
2026-01-18 08:26:13 [ERROR] Балапан Масалиева №5 @ 2026-01-15 failed: Expecting value: line 1 column 1 (char 0)
2026-01-18 08:26:13 [ERROR] Балапашка №2 @ 2026-01-15 failed: Expecting value: line 1 column 1 (char 0)
2026-01-18 08:26:13 [ERROR] OFF PRICE №8 @ 2026-01-16 failed: Expecting value: line 1 column 1 (char 0)
2026-01-18 08:26:13 [ERROR] Балапан Фрунзенский №7 @ 2026-01-15 failed: Expecting value: line 1 column 1 (char 0)
2026-01-18 08:26:14 [ERROR] Балапан Ош №1 @ 2026-01-15 failed: Expecting value: line 1 column 1 (char 0)
2026-01-18 08:26:15 [ERROR] №-01 Osnovnoy sklad @ 2026-01-16 failed: Expecting value: line 1 column 1 (char 0)
2026-01-18 08:26:15 [ERROR] Балапан ЖА №3 @ 2026-01-16 failed: Expecting value: line 1 column 1 (char 0)
2026-01-18 08:26:15 [ERROR] Балапан Анар №4 @ 2026-01-16 failed: Expecting value: line 1 column 1 (char 0)
2026-01-18 08:26:16 [ERROR] Балапан Фрунзенский №7 @ 2026-01-16 failed: Expecting value: line 1 column 1 (char 0)
2026-01-18 08:26:16 [ERROR] Балапан Ош №1 @ 2026-01-16 failed: Expecting value: line 1 column 1 (char 0)
2026-01-18 08:26:16 [ERROR] Балапашка №2 @ 2026-01-16 failed: Expecting value: line 1 column 1 (char 0)
2026-01-18 08:26:16 [ERROR] Балапан Масалиева №5 @ 2026-01-16 failed: Expecting value: line 1 column 1 (char 0)
2026-01-18 08:26:16 [ERROR] Балапан Узген №6 @ 2026-01-16 failed: Expecting value: line 1 column 1 (char 0)
2026-01-18 08:26:16 [ERROR] OFF PRICE №8 @ 2026-01-17 failed: Expecting value: line 1 column 1 (char 0)
2026-01-18 08:26:17 [ERROR] №-01 Osnovnoy sklad @ 2026-01-17 failed: Expecting value: line 1 column 1 (char 0)
2026-01-18 08:26:18 [ERROR] Балапан Анар №4 @ 2026-01-17 failed: Expecting value: line 1 column 1 (char 0)
2026-01-18 08:26:18 [ERROR] Балапан Ош №1 @ 2026-01-17 failed: Expecting value: line 1 column 1 (char 0)
2026-01-18 08:26:19 [ERROR] Балапан Фрунзенский №7 @ 2026-01-17 failed: Expecting value: line 1 column 1 (char 0)
2026-01-18 08:26:19 [ERROR] Балапан ЖА №3 @ 2026-01-17 failed: Expecting value: line 1 column 1 (char 0)
2026-01-18 08:26:19 [ERROR] Балапашка №2 @ 2026-01-17 failed: Expecting value: line 1 column 1 (char 0)
2026-01-18 08:26:19 [ERROR] Балапан Масалиева №5 @ 2026-01-17 failed: Expecting value: line 1 column 1 (char 0)
2026-01-18 08:26:20 [ERROR] Балапан Узген №6 @ 2026-01-17 failed: Expecting value: line 1 column 1 (char 0)
2026-01-18 16:07:10 [ERROR] OFF PRICE №8 @ 2026-01-15 failed: Expecting value: line 1 column 1 (char 0)
2026-01-18 16:07:10 [ERROR] Балапан Фрунзенский №7 @ 2026-01-15 failed: Expecting value: line 1 column 1 (char 0)
2026-01-18 16:07:10 [ERROR] Балапан Анар №4 @ 2026-01-15 failed: Expecting value: line 1 column 1 (char 0)
2026-01-18 16:07:10 [ERROR] №-01 Osnovnoy sklad @ 2026-01-15 failed: Expecting value: line 1 column 1 (char 0)
2026-01-18 16:07:10 [ERROR] Балапан Узген №6 @ 2026-01-15 failed: Expecting value: line 1 column 1 (char 0)
2026-01-18 16:07:10 [ERROR] Балапан ЖА №3 @ 2026-01-15 failed: Expecting value: line 1 column 1 (char 0)
2026-01-18 16:07:11 [ERROR] Балапан Масалиева №5 @ 2026-01-15 failed: Expecting value: line 1 column 1 (char 0)
2026-01-18 16:07:11 [ERROR] Балапан Ош №1 @ 2026-01-15 failed: Expecting value: line 1 column 1 (char 0)
2026-01-18 16:07:14 [ERROR] OFF PRICE №8 @ 2026-01-16 failed: Expecting value: line 1 column 1 (char 0)
2026-01-18 16:07:15 [ERROR] Балапашка №2 @ 2026-01-15 failed: Expecting value: line 1 column 1 (char 0)
2026-01-18 16:07:16 [ERROR] Балапан ЖА №3 @ 2026-01-16 failed: Expecting value: line 1 column 1 (char 0)
2026-01-18 16:07:16 [ERROR] Балапан Анар №4 @ 2026-01-16 failed: Expecting value: line 1 column 1 (char 0)
2026-01-18 16:07:17 [ERROR] Балапан Фрунзенский №7 @ 2026-01-16 failed: Expecting value: line 1 column 1 (char 0)
2026-01-18 16:07:17 [ERROR] Балапан Ош №1 @ 2026-01-16 failed: Expecting value: line 1 column 1 (char 0)
2026-01-18 16:07:17 [ERROR] Балапан Масалиева №5 @ 2026-01-16 failed: Expecting value: line 1 column 1 (char 0)
2026-01-18 16:07:17 [ERROR] №-01 Osnovnoy sklad @ 2026-01-16 failed: Expecting value: line 1 column 1 (char 0)
2026-01-18 16:07:19 [ERROR] Балапашка №2 @ 2026-01-16 failed: Expecting value: line 1 column 1 (char 0)
2026-01-18 16:07:20 [ERROR] Балапан Узген №6 @ 2026-01-16 failed: Expecting value: line 1 column 1 (char 0)
2026-01-18 16:07:21 [ERROR] OFF PRICE №8 @ 2026-01-17 failed: Expecting value: line 1 column 1 (char 0)
2026-01-18 16:07:21 [ERROR] Балапан ЖА №3 @ 2026-01-17 failed: Expecting value: line 1 column 1 (char 0)
2026-01-18 16:07:21 [ERROR] №-01 Osnovnoy sklad @ 2026-01-17 failed: Expecting value: line 1 column 1 (char 0)
2026-01-18 16:07:22 [ERROR] Балапан Анар №4 @ 2026-01-17 failed: Expecting value: line 1 column 1 (char 0)
2026-01-18 16:07:23 [ERROR] Балапан Фрунзенский №7 @ 2026-01-17 failed: Expecting value: line 1 column 1 (char 0)
2026-01-18 16:07:24 [ERROR] Балапан Ош №1 @ 2026-01-17 failed: Expecting value: line 1 column 1 (char 0)
2026-01-18 16:07:25 [ERROR] Балапан Масалиева №5 @ 2026-01-17 failed: Expecting value: line 1 column 1 (char 0)
2026-01-18 16:07:26 [ERROR] Балапашка №2 @ 2026-01-17 failed: Expecting value: line 1 column 1 (char 0)
2026-01-18 16:07:27 [ERROR] Балапан Узген №6 @ 2026-01-17 failed: Expecting value: line 1 column 1 (char 0)
2026-01-19 05:59:51 [ERROR] №-01 Osnovnoy sklad @ 2026-01-18 failed: Expecting value: line 1 column 1 (char 0)
2026-01-19 05:59:51 [ERROR] Балапан Узген №6 @ 2026-01-18 failed: Expecting value: line 1 column 1 (char 0)
2026-01-19 05:59:51 [ERROR] Балапан Фрунзенский №7 @ 2026-01-18 failed: Expecting value: line 1 column 1 (char 0)
2026-01-19 05:59:52 [ERROR] OFF PRICE №8 @ 2026-01-18 failed: Expecting value: line 1 column 1 (char 0)
2026-01-19 05:59:53 [ERROR] Балапан Анар №4 @ 2026-01-18 failed: Expecting value: line 1 column 1 (char 0)
2026-01-19 05:59:53 [ERROR] Балапан Масалиева №5 @ 2026-01-18 failed: Expecting value: line 1 column 1 (char 0)
2026-01-19 05:59:53 [ERROR] Балапан Ош №1 @ 2026-01-18 failed: Expecting value: line 1 column 1 (char 0)
2026-01-19 05:59:54 [ERROR] Балапан ЖА №3 @ 2026-01-18 failed: Expecting value: line 1 column 1 (char 0)
2026-01-19 05:59:55 [ERROR] Балапашка №2 @ 2026-01-18 failed: Expecting value: line 1 column 1 (char 0)
2026-01-20 12:13:13 [ERROR] Балапан ЖА №3 @ 2026-01-18 failed: Expecting value: line 1 column 1 (char 0)
2026-01-20 12:13:13 [ERROR] №-01 Osnovnoy sklad @ 2026-01-18 failed: Expecting value: line 1 column 1 (char 0)
2026-01-20 12:13:13 [ERROR] Балапан Ош №1 @ 2026-01-18 failed: Expecting value: line 1 column 1 (char 0)
2026-01-20 12:13:13 [ERROR] OFF PRICE №8 @ 2026-01-18 failed: Expecting value: line 1 column 1 (char 0)
2026-01-20 12:13:13 [ERROR] Балапашка №2 @ 2026-01-18 failed: Expecting value: line 1 column 1 (char 0)
2026-01-20 12:13:13 [ERROR] Балапан Узген №6 @ 2026-01-18 failed: Expecting value: line 1 column 1 (char 0)
2026-01-20 12:13:13 [ERROR] Балапан Масалиева №5 @ 2026-01-18 failed: Expecting value: line 1 column 1 (char 0)
2026-01-20 12:13:13 [ERROR] Балапан Фрунзенский №7 @ 2026-01-18 failed: Expecting value: line 1 column 1 (char 0)
2026-01-20 12:13:13 [ERROR] Балапан Анар №4 @ 2026-01-18 failed: Expecting value: line 1 column 1 (char 0)
2026-01-20 12:13:14 [ERROR] OFF PRICE №8 @ 2026-01-19 failed: Expecting value: line 1 column 1 (char 0)
2026-01-20 12:13:15 [ERROR] №-01 Osnovnoy sklad @ 2026-01-19 failed: Expecting value: line 1 column 1 (char 0)
2026-01-20 12:13:15 [ERROR] Балапан ЖА №3 @ 2026-01-19 failed: Expecting value: line 1 column 1 (char 0)
2026-01-20 12:13:16 [ERROR] Балапан Ош №1 @ 2026-01-19 failed: Expecting value: line 1 column 1 (char 0)
2026-01-20 12:13:16 [ERROR] Балапан Масалиева №5 @ 2026-01-19 failed: Expecting value: line 1 column 1 (char 0)
2026-01-20 12:13:16 [ERROR] Балапан Фрунзенский №7 @ 2026-01-19 failed: Expecting value: line 1 column 1 (char 0)
2026-01-20 12:13:16 [ERROR] Балапан Анар №4 @ 2026-01-19 failed: Expecting value: line 1 column 1 (char 0)
2026-01-20 12:13:16 [ERROR] Балапан Узген №6 @ 2026-01-19 failed: Expecting value: line 1 column 1 (char 0)
2026-01-20 12:13:16 [ERROR] Балапашка №2 @ 2026-01-19 failed: Expecting value: line 1 column 1 (char 0)
2026-01-20 21:24:51 [ERROR] №-01 Osnovnoy sklad @ 2026-01-18 failed: Expecting value: line 1 column 1 (char 0)
2026-01-20 21:24:51 [ERROR] OFF PRICE №8 @ 2026-01-18 failed: Expecting value: line 1 column 1 (char 0)
2026-01-20 21:24:52 [ERROR] Балапан Масалиева №5 @ 2026-01-18 failed: Expecting value: line 1 column 1 (char 0)
2026-01-20 21:24:54 [ERROR] Балапан Анар №4 @ 2026-01-18 failed: Expecting value: line 1 column 1 (char 0)
2026-01-20 21:24:54 [ERROR] Балапан Узген №6 @ 2026-01-18 failed: Expecting value: line 1 column 1 (char 0)
2026-01-20 21:24:55 [ERROR] Балапан Ош №1 @ 2026-01-18 failed: Expecting value: line 1 column 1 (char 0)
2026-01-20 21:24:57 [ERROR] Балапан Фрунзенский №7 @ 2026-01-18 failed: Expecting value: line 1 column 1 (char 0)
2026-01-20 21:24:57 [ERROR] Балапашка №2 @ 2026-01-18 failed: Expecting value: line 1 column 1 (char 0)
2026-01-20 21:24:58 [ERROR] Балапан ЖА №3 @ 2026-01-18 failed: Expecting value: line 1 column 1 (char 0)
2026-01-20 21:24:59 [ERROR] Балапан ЖА №3 @ 2026-01-19 failed: Expecting value: line 1 column 1 (char 0)
2026-01-20 21:25:00 [ERROR] №-01 Osnovnoy sklad @ 2026-01-19 failed: Expecting value: line 1 column 1 (char 0)
2026-01-20 21:25:02 [ERROR] Балапан Анар №4 @ 2026-01-19 failed: Expecting value: line 1 column 1 (char 0)
2026-01-20 21:25:03 [ERROR] Балапан Фрунзенский №7 @ 2026-01-19 failed: Expecting value: line 1 column 1 (char 0)
2026-01-20 21:25:04 [ERROR] Балапашка №2 @ 2026-01-19 failed: Expecting value: line 1 column 1 (char 0)
2026-01-20 21:25:05 [ERROR] Балапан Узген №6 @ 2026-01-19 failed: Expecting value: line 1 column 1 (char 0)
2026-01-20 21:25:10 [ERROR] Балапан Масалиева №5 @ 2026-01-19 failed: Expecting value: line 1 column 1 (char 0)
2026-01-20 21:25:11 [ERROR] OFF PRICE №8 @ 2026-01-19 failed: Expecting value: line 1 column 1 (char 0)
2026-01-20 21:25:12 [ERROR] Балапан Ош №1 @ 2026-01-19 failed: Expecting value: line 1 column 1 (char 0)
